// Jest Snapshot v1, https://goo.gl/fbAQLP

exports[`Cell#CellEngine & Form returns expected values and name attr 1`] = `
<body>
  <div>
    <form
      data-testid="form"
    >
      <input
        data-testid="defalut"
        id="unique2"
        type="text"
        value=""
      />
      <input
        type="text"
        value=""
      />
      <input
        data-testid="btn1"
        id="unique"
        type="checkbox"
      />
      <input
        checked=""
        data-testid="btn2"
        type="checkbox"
      />
    </form>
  </div>
</body>
`;
