// Jest Snapshot v1, https://goo.gl/fbAQLP

exports[`GridItem - Implicit Layout Testing Style Overrides styles 1`] = `undefined`;

exports[`GridItem - Implicit Layout Testing Style Returns center 1`] = `undefined`;

exports[`GridItem - Implicit Layout Testing Style Returns default style 1`] = `undefined`;

exports[`GridItem - Implicit Layout Testing Style Returns flexDirection column when it is isHorizontal = false 1`] = `undefined`;

exports[`GridItem - Implicit Layout Testing gridColumn Returns column position with justifyContent, when toCol is provided 1`] = `undefined`;

exports[`GridItem - Implicit Layout Testing gridColumn Returns column position with when col is provided 1`] = `undefined`;

exports[`GridItem - Implicit Layout Testing gridRow Returns gridRow with toRow =0 1`] = `undefined`;

exports[`GridItem - Implicit Layout Testing gridRow Returns gridRow with toRow =0 2`] = `undefined`;

exports[`GridItem - Implicit Layout Testing gridRow Returns gridRow with toRow and alignItems center 1`] = `undefined`;
